============================= test session starts =============================
platform win32 -- Python 3.13.9, pytest-9.0.3, pluggy-1.6.0 -- D:\Projects\OPENCTI-TEST\.venv\Scripts\python.exe
cachedir: .pytest_cache
rootdir: D:\Projects\OPENCTI-TEST
plugins: anyio-4.13.0
collecting ... collected 6 items

tests/mirror/test_bootstrap_window_acceptance.py::test_default_one_year_window_syncs_changed_hot_subgraph FAILED [ 16%]
tests/mirror/test_bootstrap_window_acceptance.py::test_two_hop_neighborhood_completion_preserves_direction FAILED [ 33%]
tests/mirror/test_live_incremental_acceptance.py::test_live_stream_updates_reach_replica_and_refresh_freshness FAILED [ 50%]
tests/mirror/test_live_incremental_acceptance.py::test_watermark_recovery_replays_idempotently FAILED [ 66%]
tests/mirror/test_projection_policy_acceptance.py::test_property_names_and_default_baseline_are_preserved FAILED [ 83%]
tests/mirror/test_reconcile_acceptance.py::test_delete_and_revoke_semantics_align_in_replica FAILED [100%]

================================== FAILURES ===================================
___________ test_default_one_year_window_syncs_changed_hot_subgraph ___________

    def test_default_one_year_window_syncs_changed_hot_subgraph() -> None:
        assert BOOTSTRAP_FIXTURE.is_file(), "Protected bootstrap fixture file is required"
        assert BOOTSTRAP_BASELINE.is_file(), "Protected bootstrap baseline file is required"
    
        suffix = uuid4().hex[:8]
        seed = ensure_mirror_seed_fixture(
            ipv4_value=f"1.2.3.{int(suffix[:2], 16) % 200 + 20}",
            malware_name=f"Replica-Bootstrap-{suffix}",
        )
    
        freshness = load_freshness()
        assert freshness["sync_status"] == "healthy"
    
        rows = run_cypher(
            (
                "MATCH (malware:malware {standard_id: $malware_standard_id}) "
                "RETURN malware.standard_id AS standard_id, malware.updated_at AS updated_at"
            ),
            {"malware_standard_id": seed["malware_standard_id"]},
        )
        assert rows, "Bootstrap sync must materialize the in-scope malware node"
>       assert rows[0]["updated_at"], "Bootstrap sync must preserve updated_at for window-bound replica scope"
E       AssertionError: Bootstrap sync must preserve updated_at for window-bound replica scope
E       assert None

tests\mirror\test_bootstrap_window_acceptance.py:35: AssertionError
__________ test_two_hop_neighborhood_completion_preserves_direction ___________

    def test_two_hop_neighborhood_completion_preserves_direction() -> None:
        assert BOOTSTRAP_FIXTURE.is_file(), "Protected bootstrap fixture file is required"
        assert BOOTSTRAP_BASELINE.is_file(), "Protected bootstrap baseline file is required"
    
        suffix = uuid4().hex[:8]
        seed = ensure_mirror_seed_fixture(
            ipv4_value=f"1.2.4.{int(suffix[:2], 16) % 200 + 20}",
            malware_name=f"Replica-Neighborhood-{suffix}",
        )
    
        based_on_rows = run_cypher(
            (
                "MATCH (indicator:indicator {standard_id: $indicator_standard_id})-[r]->(observable:`ipv4-addr` {standard_id: $observable_standard_id}) "
                "RETURN type(r) AS relation_type LIMIT 1"
            ),
            {
                "indicator_standard_id": seed["indicator_standard_id"],
                "observable_standard_id": seed["ipv4_standard_id"],
            },
        )
        indicates_rows = run_cypher(
            (
                "MATCH (indicator:indicator {standard_id: $indicator_standard_id})-[r]->(malware:malware {name: $malware_name}) "
                "RETURN type(r) AS relation_type LIMIT 1"
            ),
            {
                "indicator_standard_id": seed["indicator_standard_id"],
                "malware_name": seed["malware_name"],
            },
        )
    
>       assert based_on_rows, "Two-hop neighborhood completion must retain the indicator-to-observable hop"
E       AssertionError: Two-hop neighborhood completion must retain the indicator-to-observable hop
E       assert []

tests\mirror\test_bootstrap_window_acceptance.py:69: AssertionError
________ test_live_stream_updates_reach_replica_and_refresh_freshness _________

    def test_live_stream_updates_reach_replica_and_refresh_freshness() -> None:
        assert INCREMENTAL_FIXTURE.is_file(), "Protected live incremental fixture file is required"
        assert INCREMENTAL_BASELINE.is_file(), "Protected live incremental baseline file is required"
    
        suffix = uuid4().hex[:8]
    
        change = create_graphql_only_change(
            ipv4_value=f"1.2.5.{int(suffix[:2], 16) % 200 + 20}",
            malware_name=f"Replica-Incremental-{suffix}",
            malware_description=f"Incremental change {suffix} expected to arrive through live stream",
        )
        time.sleep(5)
    
        rows = run_cypher(
            (
                "MATCH (observable:`ipv4-addr` {standard_id: $observable_standard_id}) "
                "RETURN observable.standard_id AS standard_id LIMIT 1"
            ),
            {"observable_standard_id": change["ipv4_standard_id"]},
        )
        freshness = load_freshness()
    
>       assert rows, "Incremental changes must reach the replica without a manual reseed invocation"
E       AssertionError: Incremental changes must reach the replica without a manual reseed invocation
E       assert []

tests\mirror\test_live_incremental_acceptance.py:37: AssertionError
________________ test_watermark_recovery_replays_idempotently _________________

    def test_watermark_recovery_replays_idempotently() -> None:
        assert INCREMENTAL_FIXTURE.is_file(), "Protected live incremental fixture file is required"
        assert INCREMENTAL_BASELINE.is_file(), "Protected live incremental baseline file is required"
    
        runtime_dir = Path(__file__).resolve().parents[2] / "mirror-sync" / "runtime"
        watermark_artifacts = list(runtime_dir.glob("*watermark*"))
>       assert watermark_artifacts, "Incremental sync must persist a durable watermark artifact for replay-safe recovery"
E       AssertionError: Incremental sync must persist a durable watermark artifact for replay-safe recovery
E       assert []

tests\mirror\test_live_incremental_acceptance.py:47: AssertionError
___________ test_property_names_and_default_baseline_are_preserved ____________

    def test_property_names_and_default_baseline_are_preserved() -> None:
        assert PROJECTION_FIXTURE.is_file(), "Protected projection fixture file is required"
        assert PROJECTION_BASELINE.is_file(), "Protected projection baseline file is required"
    
        suffix = uuid4().hex[:8]
        seed = ensure_mirror_seed_fixture(
            ipv4_value=f"1.2.6.{int(suffix[:2], 16) % 200 + 20}",
            malware_name=f"Replica-Projection-{suffix}",
        )
    
        malware_rows = run_cypher(
            (
                "MATCH (malware:malware {standard_id: $malware_standard_id}) "
                "RETURN malware.name AS name, malware.description AS description, "
                "malware.opencti_id AS opencti_id, malware.standard_id AS standard_id"
            ),
            {"malware_standard_id": seed["malware_standard_id"]},
        )
        relationship_rows = run_cypher(
            (
                "MATCH (:`ipv4-addr` {standard_id: $observable_standard_id})-[r:indicates]->(:malware {name: $malware_name}) "
                "RETURN r.relationship_type AS relationship_type, r.projected_via AS projected_via LIMIT 1"
            ),
            {
                "observable_standard_id": seed["ipv4_standard_id"],
                "malware_name": seed["malware_name"],
            },
        )
    
        assert malware_rows, "Projection policy acceptance requires the synchronized malware node"
        assert malware_rows[0]["name"] == seed["malware_name"]
>       assert malware_rows[0]["description"] == seed["malware_description"]
E       AssertionError: assert None == 'Replica-Projection-dc2ea0c8 description for replica projection checks'

tests\mirror\test_projection_policy_acceptance.py:45: AssertionError
______________ test_delete_and_revoke_semantics_align_in_replica ______________

    def test_delete_and_revoke_semantics_align_in_replica() -> None:
        assert RECONCILE_FIXTURE.is_file(), "Protected reconcile fixture file is required"
        assert RECONCILE_BASELINE.is_file(), "Protected reconcile baseline file is required"
    
        suffix = uuid4().hex[:8]
        seed = ensure_mirror_seed_fixture(
            ipv4_value=f"1.2.7.{int(suffix[:2], 16) % 200 + 20}",
            malware_name=f"Replica-Reconcile-{suffix}",
        )
    
        run_cypher(
            (
                "MATCH (:`ipv4-addr` {standard_id: $observable_standard_id})-[r:indicates]->(:malware {name: $malware_name}) "
                "DELETE r"
            ),
            {
                "observable_standard_id": seed["ipv4_standard_id"],
                "malware_name": seed["malware_name"],
            },
        )
        time.sleep(5)
    
        relationship_rows = run_cypher(
            (
                "MATCH (:`ipv4-addr` {standard_id: $observable_standard_id})-[r:indicates]->(:malware {name: $malware_name}) "
                "RETURN count(r) AS relationship_count"
            ),
            {
                "observable_standard_id": seed["ipv4_standard_id"],
                "malware_name": seed["malware_name"],
            },
        )
>       assert relationship_rows[0]["relationship_count"] == 1, "Reconcile must repair drifted replica relationships after they go missing"
E       AssertionError: Reconcile must repair drifted replica relationships after they go missing
E       assert 0 == 1

tests\mirror\test_reconcile_acceptance.py:47: AssertionError
=========================== short test summary info ===========================
FAILED tests/mirror/test_bootstrap_window_acceptance.py::test_default_one_year_window_syncs_changed_hot_subgraph - AssertionError: Bootstrap sync must preserve updated_at for window-bound replica scope
assert None
FAILED tests/mirror/test_bootstrap_window_acceptance.py::test_two_hop_neighborhood_completion_preserves_direction - AssertionError: Two-hop neighborhood completion must retain the indicator-to-observable hop
assert []
FAILED tests/mirror/test_live_incremental_acceptance.py::test_live_stream_updates_reach_replica_and_refresh_freshness - AssertionError: Incremental changes must reach the replica without a manual reseed invocation
assert []
FAILED tests/mirror/test_live_incremental_acceptance.py::test_watermark_recovery_replays_idempotently - AssertionError: Incremental sync must persist a durable watermark artifact for replay-safe recovery
assert []
FAILED tests/mirror/test_projection_policy_acceptance.py::test_property_names_and_default_baseline_are_preserved - AssertionError: assert None == 'Replica-Projection-dc2ea0c8 description for replica projection checks'
FAILED tests/mirror/test_reconcile_acceptance.py::test_delete_and_revoke_semantics_align_in_replica - AssertionError: Reconcile must repair drifted replica relationships after they go missing
assert 0 == 1
======================== 6 failed in 791.76s (0:13:11) ========================
